Archive member included to satisfy reference by file (symbol)

C:/ST/STM32CubeIDE_2.2.0/STM32CubeIDE/plugins/com.st.stm32cube.ide.mcu.externaltools.gnu-tools-for-stm32.14.3.rel1.win32_1.0.100.202602081740/tools/bin/../lib/gcc/arm-none-eabi/14.3.1/../../../../arm-none-eabi/lib/thumb/v7-m/nofp\libg_nano.a(libc_a-exit.o)
                              C:/ST/STM32CubeIDE_2.2.0/STM32CubeIDE/plugins/com.st.stm32cube.ide.mcu.externaltools.gnu-tools-for-stm32.14.3.rel1.win32_1.0.100.202602081740/tools/bin/../lib/gcc/arm-none-eabi/14.3.1/../../../../arm-none-eabi/lib/thumb/v7-m/nofp/crt0.o (exit)
C:/ST/STM32CubeIDE_2.2.0/STM32CubeIDE/plugins/com.st.stm32cube.ide.mcu.externaltools.gnu-tools-for-stm32.14.3.rel1.win32_1.0.100.202602081740/tools/bin/../lib/gcc/arm-none-eabi/14.3.1/../../../../arm-none-eabi/lib/thumb/v7-m/nofp\libg_nano.a(libc_a-findfp.o)
                              C:/ST/STM32CubeIDE_2.2.0/STM32CubeIDE/plugins/com.st.stm32cube.ide.mcu.externaltools.gnu-tools-for-stm32.14.3.rel1.win32_1.0.100.202602081740/tools/bin/../lib/gcc/arm-none-eabi/14.3.1/../../../../arm-none-eabi/lib/thumb/v7-m/nofp\libg_nano.a(libc_a-exit.o) (__stdio_exit_handler)
C:/ST/STM32CubeIDE_2.2.0/STM32CubeIDE/plugins/com.st.stm32cube.ide.mcu.externaltools.gnu-tools-for-stm32.14.3.rel1.win32_1.0.100.202602081740/tools/bin/../lib/gcc/arm-none-eabi/14.3.1/../../../../arm-none-eabi/lib/thumb/v7-m/nofp\libg_nano.a(libc_a-fwalk.o)
                              C:/ST/STM32CubeIDE_2.2.0/STM32CubeIDE/plugins/com.st.stm32cube.ide.mcu.externaltools.gnu-tools-for-stm32.14.3.rel1.win32_1.0.100.202602081740/tools/bin/../lib/gcc/arm-none-eabi/14.3.1/../../../../arm-none-eabi/lib/thumb/v7-m/nofp\libg_nano.a(libc_a-findfp.o) (_fwalk_sglue)
C:/ST/STM32CubeIDE_2.2.0/STM32CubeIDE/plugins/com.st.stm32cube.ide.mcu.externaltools.gnu-tools-for-stm32.14.3.rel1.win32_1.0.100.202602081740/tools/bin/../lib/gcc/arm-none-eabi/14.3.1/../../../../arm-none-eabi/lib/thumb/v7-m/nofp\libg_nano.a(libc_a-stdio.o)
                              C:/ST/STM32CubeIDE_2.2.0/STM32CubeIDE/plugins/com.st.stm32cube.ide.mcu.externaltools.gnu-tools-for-stm32.14.3.rel1.win32_1.0.100.202602081740/tools/bin/../lib/gcc/arm-none-eabi/14.3.1/../../../../arm-none-eabi/lib/thumb/v7-m/nofp\libg_nano.a(libc_a-findfp.o) (__sread)
C:/ST/STM32CubeIDE_2.2.0/STM32CubeIDE/plugins/com.st.stm32cube.ide.mcu.externaltools.gnu-tools-for-stm32.14.3.rel1.win32_1.0.100.202602081740/tools/bin/../lib/gcc/arm-none-eabi/14.3.1/../../../../arm-none-eabi/lib/thumb/v7-m/nofp\libg_nano.a(libc_a-memset.o)
                              C:/ST/STM32CubeIDE_2.2.0/STM32CubeIDE/plugins/com.st.stm32cube.ide.mcu.externaltools.gnu-tools-for-stm32.14.3.rel1.win32_1.0.100.202602081740/tools/bin/../lib/gcc/arm-none-eabi/14.3.1/../../../../arm-none-eabi/lib/thumb/v7-m/nofp/crt0.o (memset)
C:/ST/STM32CubeIDE_2.2.0/STM32CubeIDE/plugins/com.st.stm32cube.ide.mcu.externaltools.gnu-tools-for-stm32.14.3.rel1.win32_1.0.100.202602081740/tools/bin/../lib/gcc/arm-none-eabi/14.3.1/../../../../arm-none-eabi/lib/thumb/v7-m/nofp\libg_nano.a(libc_a-closer.o)
                              C:/ST/STM32CubeIDE_2.2.0/STM32CubeIDE/plugins/com.st.stm32cube.ide.mcu.externaltools.gnu-tools-for-stm32.14.3.rel1.win32_1.0.100.202602081740/tools/bin/../lib/gcc/arm-none-eabi/14.3.1/../../../../arm-none-eabi/lib/thumb/v7-m/nofp\libg_nano.a(libc_a-stdio.o) (_close_r)
C:/ST/STM32CubeIDE_2.2.0/STM32CubeIDE/plugins/com.st.stm32cube.ide.mcu.externaltools.gnu-tools-for-stm32.14.3.rel1.win32_1.0.100.202602081740/tools/bin/../lib/gcc/arm-none-eabi/14.3.1/../../../../arm-none-eabi/lib/thumb/v7-m/nofp\libg_nano.a(libc_a-reent.o)
                              C:/ST/STM32CubeIDE_2.2.0/STM32CubeIDE/plugins/com.st.stm32cube.ide.mcu.externaltools.gnu-tools-for-stm32.14.3.rel1.win32_1.0.100.202602081740/tools/bin/../lib/gcc/arm-none-eabi/14.3.1/../../../../arm-none-eabi/lib/thumb/v7-m/nofp\libg_nano.a(libc_a-closer.o) (errno)
C:/ST/STM32CubeIDE_2.2.0/STM32CubeIDE/plugins/com.st.stm32cube.ide.mcu.externaltools.gnu-tools-for-stm32.14.3.rel1.win32_1.0.100.202602081740/tools/bin/../lib/gcc/arm-none-eabi/14.3.1/../../../../arm-none-eabi/lib/thumb/v7-m/nofp\libg_nano.a(libc_a-impure.o)
                              C:/ST/STM32CubeIDE_2.2.0/STM32CubeIDE/plugins/com.st.stm32cube.ide.mcu.externaltools.gnu-tools-for-stm32.14.3.rel1.win32_1.0.100.202602081740/tools/bin/../lib/gcc/arm-none-eabi/14.3.1/../../../../arm-none-eabi/lib/thumb/v7-m/nofp\libg_nano.a(libc_a-reent.o) (_impure_ptr)
C:/ST/STM32CubeIDE_2.2.0/STM32CubeIDE/plugins/com.st.stm32cube.ide.mcu.externaltools.gnu-tools-for-stm32.14.3.rel1.win32_1.0.100.202602081740/tools/bin/../lib/gcc/arm-none-eabi/14.3.1/../../../../arm-none-eabi/lib/thumb/v7-m/nofp\libg_nano.a(libc_a-lseekr.o)
[...]
Memory Configuration

Name             Origin             Length             Attributes
RAM              0x20000000         0x00005000         xrw
FLASH            0x08000000         0x00020000         xr
*default*        0x00000000         0xffffffff

Linker script and memory map

LOAD C:/ST/STM32CubeIDE_2.2.0/STM32CubeIDE/plugins/com.st.stm32cube.ide.mcu.externaltools.gnu-tools-for-stm32.14.3.rel1.win32_1.0.100.202602081740/tools/bin/../lib/gcc/arm-none-eabi/14.3.1/thumb/v7-m/nofp/crti.o
LOAD C:/ST/STM32CubeIDE_2.2.0/STM32CubeIDE/plugins/com.st.stm32cube.ide.mcu.externaltools.gnu-tools-for-stm32.14.3.rel1.win32_1.0.100.202602081740/tools/bin/../lib/gcc/arm-none-eabi/14.3.1/thumb/v7-m/nofp/crtbegin.o
LOAD C:/ST/STM32CubeIDE_2.2.0/STM32CubeIDE/plugins/com.st.stm32cube.ide.mcu.externaltools.gnu-tools-for-stm32.14.3.rel1.win32_1.0.100.202602081740/tools/bin/../lib/gcc/arm-none-eabi/14.3.1/../../../../arm-none-eabi/lib/thumb/v7-m/nofp/crt0.o
LOAD cmake/stm32cubemx/CMakeFiles/STM32_Drivers.dir/__/__/Core/Src/system_stm32f1xx.c.obj
LOAD CMakeFiles/nucleo_example.dir/Core/Src/main.c.obj
LOAD CMakeFiles/nucleo_example.dir/Core/Src/stm32f1xx_it.c.obj
LOAD CMakeFiles/nucleo_example.dir/Core/Src/sysmem.c.obj
LOAD CMakeFiles/nucleo_example.dir/Core/Src/syscalls.c.obj
LOAD CMakeFiles/nucleo_example.dir/startup_stm32f103xb.s.obj
LOAD C:/ST/STM32CubeIDE_2.2.0/STM32CubeIDE/plugins/com.st.stm32cube.ide.mcu.externaltools.gnu-tools-for-stm32.14.3.rel1.win32_1.0.100.202602081740/tools/bin/../lib/gcc/arm-none-eabi/14.3.1/../../../../arm-none-eabi/lib/thumb/v7-m/nofp\libm.a
START GROUP
LOAD C:/ST/STM32CubeIDE_2.2.0/STM32CubeIDE/plugins/com.st.stm32cube.ide.mcu.externaltools.gnu-tools-for-stm32.14.3.rel1.win32_1.0.100.202602081740/tools/bin/../lib/gcc/arm-none-eabi/14.3.1/thumb/v7-m/nofp\libgcc.a
LOAD C:/ST/STM32CubeIDE_2.2.0/STM32CubeIDE/plugins/com.st.stm32cube.ide.mcu.externaltools.gnu-tools-for-stm32.14.3.rel1.win32_1.0.100.202602081740/tools/bin/../lib/gcc/arm-none-eabi/14.3.1/../../../../arm-none-eabi/lib/thumb/v7-m/nofp\libg_nano.a
LOAD C:/ST/STM32CubeIDE_2.2.0/STM32CubeIDE/plugins/com.st.stm32cube.ide.mcu.externaltools.gnu-tools-for-stm32.14.3.rel1.win32_1.0.100.202602081740/tools/bin/../lib/gcc/arm-none-eabi/14.3.1/../../../../arm-none-eabi/lib/thumb/v7-m/nofp\libc_nano.a
END GROUP
START GROUP
LOAD C:/ST/STM32CubeIDE_2.2.0/STM32CubeIDE/plugins/com.st.stm32cube.ide.mcu.externaltools.gnu-tools-for-stm32.14.3.rel1.win32_1.0.100.202602081740/tools/bin/../lib/gcc/arm-none-eabi/14.3.1/thumb/v7-m/nofp\libgcc.a
LOAD C:/ST/STM32CubeIDE_2.2.0/STM32CubeIDE/plugins/com.st.stm32cube.ide.mcu.externaltools.gnu-tools-for-stm32.14.3.rel1.win32_1.0.100.202602081740/tools/bin/../lib/gcc/arm-none-eabi/14.3.1/../../../../arm-none-eabi/lib/thumb/v7-m/nofp\libc_nano.a
END GROUP
LOAD C:/ST/STM32CubeIDE_2.2.0/STM32CubeIDE/plugins/com.st.stm32cube.ide.mcu.externaltools.gnu-tools-for-stm32.14.3.rel1.win32_1.0.100.202602081740/tools/bin/../lib/gcc/arm-none-eabi/14.3.1/thumb/v7-m/nofp/crtend.o
LOAD C:/ST/STM32CubeIDE_2.2.0/STM32CubeIDE/plugins/com.st.stm32cube.ide.mcu.externaltools.gnu-tools-for-stm32.14.3.rel1.win32_1.0.100.202602081740/tools/bin/../lib/gcc/arm-none-eabi/14.3.1/thumb/v7-m/nofp/crtn.o
                0x20005000                        _estack = (ORIGIN (RAM) + LENGTH (RAM))
                0x20004c00                        _sstack = (_estack - _Min_Stack_Size)
                0x00000200                        _Min_Heap_Size = 0x200
                0x00000400                        _Min_Stack_Size = 0x400

.isr_vector     0x08000000      0x10c
                0x08000000                        . = ALIGN (0x4)
 *(.isr_vector)
 .isr_vector    0x08000000      0x10c CMakeFiles/nucleo_example.dir/startup_stm32f103xb.s.obj
                0x08000000                g_pfnVectors
                0x0800010c                        . = ALIGN (0x4)

.text           0x0800010c      0x7c4
                0x0800010c                        . = ALIGN (0x4)
 *(.text)
 .text          0x0800010c       0x40 C:/ST/STM32CubeIDE_2.2.0/STM32CubeIDE/plugins/com.st.stm32cube.ide.mcu.externaltools.gnu-tools-for-stm32.14.3.rel1.win32_1.0.100.202602081740/tools/bin/../lib/gcc/arm-none-eabi/14.3.1/thumb/v7-m/nofp/crtbegin.o
 *(.text*)
 .text.SystemInit
                0x0800014c        0xc cmake/stm32cubemx/CMakeFiles/STM32_Drivers.dir/__/__/Core/Src/system_stm32f1xx.c.obj
                0x0800014c                SystemInit
 .text.__NVIC_EnableIRQ
                0x08000158       0x38 CMakeFiles/nucleo_example.dir/Core/Src/main.c.obj
 .text.gpio_set_mode
                0x08000190       0x5a CMakeFiles/nucleo_example.dir/Core/Src/main.c.obj
 *fill*         0x080001ea        0x2 
 .text.led_init
                0x080001ec       0x28 CMakeFiles/nucleo_example.dir/Core/Src/main.c.obj
 .text.led_on   0x08000214       0x18 CMakeFiles/nucleo_example.dir/Core/Src/main.c.obj
 .text.led_off  0x0800022c       0x18 CMakeFiles/nucleo_example.dir/Core/Src/main.c.obj
 .text.uart1_init
                0x08000244       0x54 CMakeFiles/nucleo_example.dir/Core/Src/main.c.obj
 .text.uart1_put_char
                0x08000298       0x2c CMakeFiles/nucleo_example.dir/Core/Src/main.c.obj
 .text.uart1_put_str
                0x080002c4       0x2c CMakeFiles/nucleo_example.dir/Core/Src/main.c.obj
 .text.uart1_put_u32
                0x080002f0       0x90 CMakeFiles/nucleo_example.dir/Core/Src/main.c.obj
 .text.adc1_init
                0x08000380       0x9c CMakeFiles/nucleo_example.dir/Core/Src/main.c.obj
 .text.adc1_read
                0x0800041c       0x44 CMakeFiles/nucleo_example.dir/Core/Src/main.c.obj
 .text.inputs_init
                0x08000460       0x8c CMakeFiles/nucleo_example.dir/Core/Src/main.c.obj
 .text.joysw_pressed
                0x080004ec       0x24 CMakeFiles/nucleo_example.dir/Core/Src/main.c.obj
 .text.EXTI0_IRQHandler
                0x08000510       0x60 CMakeFiles/nucleo_example.dir/Core/Src/main.c.obj
                0x08000510                EXTI0_IRQHandler
 .text.log_line
                0x08000570       0xcc CMakeFiles/nucleo_example.dir/Core/Src/main.c.obj
 .text.report_tact_change
                0x0800063c       0x40 CMakeFiles/nucleo_example.dir/Core/Src/main.c.obj
 .text.delay_tick
                0x0800067c       0x68 CMakeFiles/nucleo_example.dir/Core/Src/main.c.obj
 .text.main     0x080006e4       0xdc CMakeFiles/nucleo_example.dir/Core/Src/main.c.obj
                0x080006e4                main
 .text.NMI_Handler
                0x080007c0        0x8 CMakeFiles/nucleo_example.dir/Core/Src/stm32f1xx_it.c.obj
                0x080007c0                NMI_Handler
 .text.HardFault_Handler
                0x080007c8        0x8 CMakeFiles/nucleo_example.dir/Core/Src/stm32f1xx_it.c.obj
                0x080007c8                HardFault_Handler
 .text.MemManage_Handler
                0x080007d0        0x8 CMakeFiles/nucleo_example.dir/Core/Src/stm32f1xx_it.c.obj
                0x080007d0                MemManage_Handler
 .text.BusFault_Handler
                0x080007d8        0x8 CMakeFiles/nucleo_example.dir/Core/Src/stm32f1xx_it.c.obj
                0x080007d8                BusFault_Handler
 .text.UsageFault_Handler
                0x080007e0        0x8 CMakeFiles/nucleo_example.dir/Core/Src/stm32f1xx_it.c.obj
                0x080007e0                UsageFault_Handler
 .text.SVC_Handler
                0x080007e8        0xc CMakeFiles/nucleo_example.dir/Core/Src/stm32f1xx_it.c.obj
                0x080007e8                SVC_Handler
 .text.DebugMon_Handler
                0x080007f4        0xc CMakeFiles/nucleo_example.dir/Core/Src/stm32f1xx_it.c.obj
                0x080007f4                DebugMon_Handler
 .text.PendSV_Handler
                0x08000800        0xc CMakeFiles/nucleo_example.dir/Core/Src/stm32f1xx_it.c.obj
                0x08000800                PendSV_Handler
 .text.SysTick_Handler
                0x0800080c        0xc CMakeFiles/nucleo_example.dir/Core/Src/stm32f1xx_it.c.obj
                0x0800080c                SysTick_Handler
 .text.EXTI15_10_IRQHandler
                0x08000818        0xc CMakeFiles/nucleo_example.dir/Core/Src/stm32f1xx_it.c.obj
                0x08000818                EXTI15_10_IRQHandler
 .text.Reset_Handler
                0x08000824       0x48 CMakeFiles/nucleo_example.dir/startup_stm32f103xb.s.obj
                0x08000824                Reset_Handler
 .text.Default_Handler
                0x0800086c        0x2 CMakeFiles/nucleo_example.dir/startup_stm32f103xb.s.obj
                0x0800086c                RTC_Alarm_IRQHandler
                0x0800086c                EXTI2_IRQHandler
                0x0800086c                TIM1_CC_IRQHandler
                0x0800086c                PVD_IRQHandler
                0x0800086c                EXTI3_IRQHandler
                0x0800086c                I2C2_EV_IRQHandler
                0x0800086c                ADC1_2_IRQHandler
                0x0800086c                SPI1_IRQHandler
                0x0800086c                TAMPER_IRQHandler
                0x0800086c                DMA1_Channel4_IRQHandler
                0x0800086c                USART3_IRQHandler
                0x0800086c                RTC_IRQHandler
                0x0800086c                DMA1_Channel7_IRQHandler
                0x0800086c                CAN1_RX1_IRQHandler
                0x0800086c                TIM4_IRQHandler
                0x0800086c                I2C1_EV_IRQHandler
                0x0800086c                DMA1_Channel6_IRQHandler
                0x0800086c                TIM3_IRQHandler
                0x0800086c                RCC_IRQHandler
                0x0800086c                TIM1_TRG_COM_IRQHandler
                0x0800086c                DMA1_Channel1_IRQHandler
                0x0800086c                Default_Handler
                0x0800086c                EXTI9_5_IRQHandler
                0x0800086c                SPI2_IRQHandler
                0x0800086c                DMA1_Channel5_IRQHandler
                0x0800086c                EXTI4_IRQHandler
                0x0800086c                USB_LP_CAN1_RX0_IRQHandler
                0x0800086c                USB_HP_CAN1_TX_IRQHandler
                0x0800086c                DMA1_Channel3_IRQHandler
                0x0800086c                TIM1_UP_IRQHandler
                0x0800086c                WWDG_IRQHandler
                0x0800086c                TIM2_IRQHandler
                0x0800086c                TIM1_BRK_IRQHandler
                0x0800086c                EXTI1_IRQHandler
                0x0800086c                USART2_IRQHandler
                0x0800086c                I2C2_ER_IRQHandler
                0x0800086c                DMA1_Channel2_IRQHandler
                0x0800086c                CAN1_SCE_IRQHandler
                0x0800086c                FLASH_IRQHandler
                0x0800086c                USART1_IRQHandler
                0x0800086c                I2C1_ER_IRQHandler
                0x0800086c                USBWakeUp_IRQHandler
 *fill*         0x0800086e        0x2 
 .text.__libc_init_array
                0x08000870       0x48 C:/ST/STM32CubeIDE_2.2.0/STM32CubeIDE/plugins/com.st.stm32cube.ide.mcu.externaltools.gnu-tools-for-stm32.14.3.rel1.win32_1.0.100.202602081740/tools/bin/../lib/gcc/arm-none-eabi/14.3.1/../../../../arm-none-eabi/lib/thumb/v7-m/nofp\libg_nano.a(libc_a-init.o)
                0x08000870                __libc_init_array
 *(.glue_7)
 .glue_7        0x080008b8        0x0 linker stubs
 *(.glue_7t)
 .glue_7t       0x080008b8        0x0 linker stubs
 *(.eh_frame)
 .eh_frame      0x080008b8        0x0 C:/ST/STM32CubeIDE_2.2.0/STM32CubeIDE/plugins/com.st.stm32cube.ide.mcu.externaltools.gnu-tools-for-stm32.14.3.rel1.win32_1.0.100.202602081740/tools/bin/../lib/gcc/arm-none-eabi/14.3.1/thumb/v7-m/nofp/crtbegin.o
 *(.init)
 .init          0x080008b8        0x4 C:/ST/STM32CubeIDE_2.2.0/STM32CubeIDE/plugins/com.st.stm32cube.ide.mcu.externaltools.gnu-tools-for-stm32.14.3.rel1.win32_1.0.100.202602081740/tools/bin/../lib/gcc/arm-none-eabi/14.3.1/thumb/v7-m/nofp/crti.o
                0x080008b8                _init
 .init          0x080008bc        0x8 C:/ST/STM32CubeIDE_2.2.0/STM32CubeIDE/plugins/com.st.stm32cube.ide.mcu.externaltools.gnu-tools-for-stm32.14.3.rel1.win32_1.0.100.202602081740/tools/bin/../lib/gcc/arm-none-eabi/14.3.1/thumb/v7-m/nofp/crtn.o
 *(.fini)
 .fini          0x080008c4        0x4 C:/ST/STM32CubeIDE_2.2.0/STM32CubeIDE/plugins/com.st.stm32cube.ide.mcu.externaltools.gnu-tools-for-stm32.14.3.rel1.win32_1.0.100.202602081740/tools/bin/../lib/gcc/arm-none-eabi/14.3.1/thumb/v7-m/nofp/crti.o
                0x080008c4                _fini
 .fini          0x080008c8        0x8 C:/ST/STM32CubeIDE_2.2.0/STM32CubeIDE/plugins/com.st.stm32cube.ide.mcu.externaltools.gnu-tools-for-stm32.14.3.rel1.win32_1.0.100.202602081740/tools/bin/../lib/gcc/arm-none-eabi/14.3.1/thumb/v7-m/nofp/crtn.o
                0x080008d0                        . = ALIGN (0x4)
                0x080008d0                        _etext = .

.vfp11_veneer   0x080008d0        0x0
 .vfp11_veneer  0x080008d0        0x0 linker stubs

.v4_bx          0x080008d0        0x0
 .v4_bx         0x080008d0        0x0 linker stubs

.iplt           0x080008d0        0x0
 .iplt          0x080008d0        0x0 C:/ST/STM32CubeIDE_2.2.0/STM32CubeIDE/plugins/com.st.stm32cube.ide.mcu.externaltools.gnu-tools-for-stm32.14.3.rel1.win32_1.0.100.202602081740/tools/bin/../lib/gcc/arm-none-eabi/14.3.1/thumb/v7-m/nofp/crtbegin.o

.rodata         0x080008d0      0x1b8
                0x080008d0                        . = ALIGN (0x4)
 *(.rodata)
 .rodata        0x080008d0      0x1b7 CMakeFiles/nucleo_example.dir/Core/Src/main.c.obj
 *(.rodata*)
                0x08000a88                        . = ALIGN (0x4)
 *fill*         0x08000a87        0x1 

.ARM.extab      0x08000a88        0x0
                0x08000a88                        . = ALIGN (0x4)
 *(.ARM.extab* .gnu.linkonce.armextab.*)
                0x08000a88                        . = ALIGN (0x4)

.ARM            0x08000a88        0x0
                0x08000a88                        . = ALIGN (0x4)
                0x08000a88                        __exidx_start = .
 *(.ARM.exidx*)
                0x08000a88                        __exidx_end = .
                0x08000a88                        . = ALIGN (0x4)

.preinit_array  0x08000a88        0x0
                0x08000a88                        . = ALIGN (0x4)
                0x08000a88                        PROVIDE (__preinit_array_start = .)
 *(.preinit_array*)
                0x08000a88                        PROVIDE (__preinit_array_end = .)
                0x08000a88                        . = ALIGN (0x4)

.init_array     0x08000a88        0x4
                0x08000a88                        . = ALIGN (0x4)
                0x08000a88                        PROVIDE (__init_array_start = .)
 *(SORT_BY_NAME(.init_array.*))
 *(.init_array*)
 .init_array    0x08000a88        0x4 C:/ST/STM32CubeIDE_2.2.0/STM32CubeIDE/plugins/com.st.stm32cube.ide.mcu.externaltools.gnu-tools-for-stm32.14.3.rel1.win32_1.0.100.202602081740/tools/bin/../lib/gcc/arm-none-eabi/14.3.1/thumb/v7-m/nofp/crtbegin.o
                0x08000a8c                        PROVIDE (__init_array_end = .)
                0x08000a8c                        . = ALIGN (0x4)

.fini_array     0x08000a8c        0x4
                0x08000a8c                        . = ALIGN (0x4)
                [!provide]                        PROVIDE (__fini_array_start = .)
 *(SORT_BY_NAME(.fini_array.*))
 *(.fini_array*)
 .fini_array    0x08000a8c        0x4 C:/ST/STM32CubeIDE_2.2.0/STM32CubeIDE/plugins/com.st.stm32cube.ide.mcu.externaltools.gnu-tools-for-stm32.14.3.rel1.win32_1.0.100.202602081740/tools/bin/../lib/gcc/arm-none-eabi/14.3.1/thumb/v7-m/nofp/crtbegin.o
                [!provide]                        PROVIDE (__fini_array_end = .)
                0x08000a90                        . = ALIGN (0x4)
                0x08000a90                        _sidata = LOADADDR (.data)

.rel.dyn        0x08000a90        0x0
 .rel.iplt      0x08000a90        0x0 C:/ST/STM32CubeIDE_2.2.0/STM32CubeIDE/plugins/com.st.stm32cube.ide.mcu.externaltools.gnu-tools-for-stm32.14.3.rel1.win32_1.0.100.202602081740/tools/bin/../lib/gcc/arm-none-eabi/14.3.1/thumb/v7-m/nofp/crtbegin.o

.data           0x20000000        0x0 load address 0x08000a90
                0x20000000                        . = ALIGN (0x4)
                0x20000000                        _sdata = .
 *(.data)
 *(.data*)
 *(.RamFunc)
 *(.RamFunc*)
                0x20000000                        . = ALIGN (0x4)

.igot.plt       0x20000000        0x0 load address 0x08000a90
 .igot.plt      0x20000000        0x0 C:/ST/STM32CubeIDE_2.2.0/STM32CubeIDE/plugins/com.st.stm32cube.ide.mcu.externaltools.gnu-tools-for-stm32.14.3.rel1.win32_1.0.100.202602081740/tools/bin/../lib/gcc/arm-none-eabi/14.3.1/thumb/v7-m/nofp/crtbegin.o

.tdata          0x20000000        0x0 load address 0x08000a90
 *(.tdata .tdata.* .gnu.linkonce.td.*)
                0x20000000                        . = ALIGN (0x4)
                0x20000000                        _edata = .
                [!provide]                        PROVIDE (__data_end = .)
                [!provide]                        PROVIDE (__tdata_end = .)
                [!provide]                        PROVIDE (__tdata_start = ADDR (.tdata))
                [!provide]                        PROVIDE (__tdata_size = (__tdata_end - __tdata_start))
                [!provide]                        PROVIDE (__data_start = ADDR (.data))
                [!provide]                        PROVIDE (__data_size = (__data_end - __data_start))
                [!provide]                        PROVIDE (__tdata_source = LOADADDR (.tdata))
                [!provide]                        PROVIDE (__tdata_source_end = (LOADADDR (.tdata) + SIZEOF (.tdata)))
                [!provide]                        PROVIDE (__tdata_source_size = (__tdata_source_end - __tdata_source))
                [!provide]                        PROVIDE (__data_source = LOADADDR (.data))
                [!provide]                        PROVIDE (__data_source_end = __tdata_source_end)
                [!provide]                        PROVIDE (__data_source_size = (__data_source_end - __data_source))

.tbss           0x20000000        0x0 load address 0x08000a90
                0x20000000                        _sbss = .
                0x20000000                        __bss_start__ = _sbss
 *(.tbss .tbss.*)
                0x20000000                        . = ALIGN (0x4)
                [!provide]                        PROVIDE (__tbss_end = .)
                [!provide]                        PROVIDE (__tbss_start = ADDR (.tbss))
                [!provide]                        PROVIDE (__tbss_size = (__tbss_end - __tbss_start))
                [!provide]                        PROVIDE (__tbss_offset = (ADDR (.tbss) - ADDR (.tdata)))
                [!provide]                        PROVIDE (__tls_base = __tdata_start)
                [!provide]                        PROVIDE (__tls_end = __tbss_end)
                [!provide]                        PROVIDE (__tls_size = (__tls_end - __tls_base))
                [!provide]                        PROVIDE (__tls_align = MAX (ALIGNOF (.tdata), ALIGNOF (.tbss)))
                [!provide]                        PROVIDE (__tls_size_align = (((__tls_size + __tls_align) - 0x1) & ~ ((__tls_align - 0x1))))
                [!provide]                        PROVIDE (__arm32_tls_tcb_offset = MAX (0x8, __tls_align))
                [!provide]                        PROVIDE (__arm64_tls_tcb_offset = MAX (0x10, __tls_align))

.bss            0x20000000       0x24 load address 0x08000a90
 *(.bss)
 .bss           0x20000000       0x1c C:/ST/STM32CubeIDE_2.2.0/STM32CubeIDE/plugins/com.st.stm32cube.ide.mcu.externaltools.gnu-tools-for-stm32.14.3.rel1.win32_1.0.100.202602081740/tools/bin/../lib/gcc/arm-none-eabi/14.3.1/thumb/v7-m/nofp/crtbegin.o
 *(.bss*)
 .bss.g_tact_held
                0x2000001c        0x4 CMakeFiles/nucleo_example.dir/Core/Src/main.c.obj
 .bss.g_tact_changed
                0x20000020        0x4 CMakeFiles/nucleo_example.dir/Core/Src/main.c.obj
 *(COMMON)
                0x20000024                        . = ALIGN (0x4)
                0x20000024                        _ebss = .
                0x20000024                        __bss_end__ = _ebss
                [!provide]                        PROVIDE (__bss_end = .)
                [!provide]                        PROVIDE (__non_tls_bss_start = ADDR (.bss))
                [!provide]                        PROVIDE (__bss_start = __tbss_start)
                [!provide]                        PROVIDE (__bss_size = (__bss_end - __bss_start))

._user_heap_stack
                0x20000024      0x604 load address 0x08000a90
                0x20000028                        . = ALIGN (0x8)
 *fill*         0x20000024        0x4 
                [!provide]                        PROVIDE (end = .)
                0x20000028                        PROVIDE (_end = .)
                0x20000228                        . = (. + _Min_Heap_Size)
 *fill*         0x20000028      0x200 
                0x20000628                        . = (. + _Min_Stack_Size)
 *fill*         0x20000228      0x400 
                0x20000628                        . = ALIGN (0x8)

/DISCARD/
 libc.a:*(*)
 libm.a:*(*)
 libgcc.a:*(*)
OUTPUT(nucleo_example.elf elf32-littlearm)
LOAD linker stubs

.ARM.attributes
                0x00000000       0x29
 .ARM.attributes
                0x00000000       0x1d C:/ST/STM32CubeIDE_2.2.0/STM32CubeIDE/plugins/com.st.stm32cube.ide.mcu.externaltools.gnu-tools-for-stm32.14.3.rel1.win32_1.0.100.202602081740/tools/bin/../lib/gcc/arm-none-eabi/14.3.1/thumb/v7-m/nofp/crti.o
 .ARM.attributes
                0x0000001d       0x2d C:/ST/STM32CubeIDE_2.2.0/STM32CubeIDE/plugins/com.st.stm32cube.ide.mcu.externaltools.gnu-tools-for-stm32.14.3.rel1.win32_1.0.100.202602081740/tools/bin/../lib/gcc/arm-none-eabi/14.3.1/thumb/v7-m/nofp/crtbegin.o
 .ARM.attributes
                0x0000004a       0x2d cmake/stm32cubemx/CMakeFiles/STM32_Drivers.dir/__/__/Core/Src/system_stm32f1xx.c.obj
 .ARM.attributes
                0x00000077       0x2d CMakeFiles/nucleo_example.dir/Core/Src/main.c.obj
 .ARM.attributes
                0x000000a4       0x2d CMakeFiles/nucleo_example.dir/Core/Src/stm32f1xx_it.c.obj
 .ARM.attributes
                0x000000d1       0x21 CMakeFiles/nucleo_example.dir/startup_stm32f103xb.s.obj
 .ARM.attributes
                0x000000f2       0x2d C:/ST/STM32CubeIDE_2.2.0/STM32CubeIDE/plugins/com.st.stm32cube.ide.mcu.externaltools.gnu-tools-for-stm32.14.3.rel1.win32_1.0.100.202602081740/tools/bin/../lib/gcc/arm-none-eabi/14.3.1/../../../../arm-none-eabi/lib/thumb/v7-m/nofp\libg_nano.a(libc_a-init.o)
 .ARM.attributes
                0x0000011f       0x1d C:/ST/STM32CubeIDE_2.2.0/STM32CubeIDE/plugins/com.st.stm32cube.ide.mcu.externaltools.gnu-tools-for-stm32.14.3.rel1.win32_1.0.100.202602081740/tools/bin/../lib/gcc/arm-none-eabi/14.3.1/thumb/v7-m/nofp/crtn.o

.comment        0x00000000       0x43
 .comment       0x00000000       0x43 cmake/stm32cubemx/CMakeFiles/STM32_Drivers.dir/__/__/Core/Src/system_stm32f1xx.c.obj
                                 0x44 (size before relaxing)
 .comment       0x00000043       0x44 CMakeFiles/nucleo_example.dir/Core/Src/main.c.obj
 .comment       0x00000043       0x44 CMakeFiles/nucleo_example.dir/Core/Src/stm32f1xx_it.c.obj
 .comment       0x00000043       0x44 C:/ST/STM32CubeIDE_2.2.0/STM32CubeIDE/plugins/com.st.stm32cube.ide.mcu.externaltools.gnu-tools-for-stm32.14.3.rel1.win32_1.0.100.202602081740/tools/bin/../lib/gcc/arm-none-eabi/14.3.1/../../../../arm-none-eabi/lib/thumb/v7-m/nofp\libg_nano.a(libc_a-init.o)

.debug_info     0x00000000      0xe29
 .debug_info    0x00000000      0x21b cmake/stm32cubemx/CMakeFiles/STM32_Drivers.dir/__/__/Core/Src/system_stm32f1xx.c.obj
 .debug_info    0x0000021b      0x9c2 CMakeFiles/nucleo_example.dir/Core/Src/main.c.obj
 .debug_info    0x00000bdd      0x111 CMakeFiles/nucleo_example.dir/Core/Src/stm32f1xx_it.c.obj
 .debug_info    0x00000cee       0x30 CMakeFiles/nucleo_example.dir/startup_stm32f103xb.s.obj
 .debug_info    0x00000d1e      0x10b C:/ST/STM32CubeIDE_2.2.0/STM32CubeIDE/plugins/com.st.stm32cube.ide.mcu.externaltools.gnu-tools-for-stm32.14.3.rel1.win32_1.0.100.202602081740/tools/bin/../lib/gcc/arm-none-eabi/14.3.1/../../../../arm-none-eabi/lib/thumb/v7-m/nofp\libg_nano.a(libc_a-init.o)

.debug_abbrev   0x00000000      0x558
 .debug_abbrev  0x00000000      0x13f cmake/stm32cubemx/CMakeFiles/STM32_Drivers.dir/__/__/Core/Src/system_stm32f1xx.c.obj
 .debug_abbrev  0x0000013f      0x2e5 CMakeFiles/nucleo_example.dir/Core/Src/main.c.obj
 .debug_abbrev  0x00000424       0x47 CMakeFiles/nucleo_example.dir/Core/Src/stm32f1xx_it.c.obj
 .debug_abbrev  0x0000046b       0x24 CMakeFiles/nucleo_example.dir/startup_stm32f103xb.s.obj
 .debug_abbrev  0x0000048f       0xc9 C:/ST/STM32CubeIDE_2.2.0/STM32CubeIDE/plugins/com.st.stm32cube.ide.mcu.externaltools.gnu-tools-for-stm32.14.3.rel1.win32_1.0.100.202602081740/tools/bin/../lib/gcc/arm-none-eabi/14.3.1/../../../../arm-none-eabi/lib/thumb/v7-m/nofp\libg_nano.a(libc_a-init.o)

.debug_aranges  0x00000000      0x180
 .debug_aranges
                0x00000000       0x28 cmake/stm32cubemx/CMakeFiles/STM32_Drivers.dir/__/__/Core/Src/system_stm32f1xx.c.obj
 .debug_aranges
                0x00000028       0xa8 CMakeFiles/nucleo_example.dir/Core/Src/main.c.obj
 .debug_aranges
                0x000000d0       0x68 CMakeFiles/nucleo_example.dir/Core/Src/stm32f1xx_it.c.obj
 .debug_aranges
                0x00000138       0x28 CMakeFiles/nucleo_example.dir/startup_stm32f103xb.s.obj
 .debug_aranges
                0x00000160       0x20 C:/ST/STM32CubeIDE_2.2.0/STM32CubeIDE/plugins/com.st.stm32cube.ide.mcu.externaltools.gnu-tools-for-stm32.14.3.rel1.win32_1.0.100.202602081740/tools/bin/../lib/gcc/arm-none-eabi/14.3.1/../../../../arm-none-eabi/lib/thumb/v7-m/nofp\libg_nano.a(libc_a-init.o)

.debug_rnglists
                0x00000000      0x10d
 .debug_rnglists
                0x00000000       0x1a cmake/stm32cubemx/CMakeFiles/STM32_Drivers.dir/__/__/Core/Src/system_stm32f1xx.c.obj
 .debug_rnglists
                0x0000001a       0x7e CMakeFiles/nucleo_example.dir/Core/Src/main.c.obj
 .debug_rnglists
                0x00000098       0x49 CMakeFiles/nucleo_example.dir/Core/Src/stm32f1xx_it.c.obj
 .debug_rnglists
                0x000000e1       0x19 CMakeFiles/nucleo_example.dir/startup_stm32f103xb.s.obj
 .debug_rnglists
                0x000000fa       0x13 C:/ST/STM32CubeIDE_2.2.0/STM32CubeIDE/plugins/com.st.stm32cube.ide.mcu.externaltools.gnu-tools-for-stm32.14.3.rel1.win32_1.0.100.202602081740/tools/bin/../lib/gcc/arm-none-eabi/14.3.1/../../../../arm-none-eabi/lib/thumb/v7-m/nofp\libg_nano.a(libc_a-init.o)

.debug_macro    0x00000000    0x1018e
 .debug_macro   0x00000000       0xc8 cmake/stm32cubemx/CMakeFiles/STM32_Drivers.dir/__/__/Core/Src/system_stm32f1xx.c.obj
 .debug_macro   0x000000c8      0xac6 cmake/stm32cubemx/CMakeFiles/STM32_Drivers.dir/__/__/Core/Src/system_stm32f1xx.c.obj
 .debug_macro   0x00000b8e       0x2e cmake/stm32cubemx/CMakeFiles/STM32_Drivers.dir/__/__/Core/Src/system_stm32f1xx.c.obj
 .debug_macro   0x00000bbc       0x22 cmake/stm32cubemx/CMakeFiles/STM32_Drivers.dir/__/__/Core/Src/system_stm32f1xx.c.obj
 .debug_macro   0x00000bde       0x22 cmake/stm32cubemx/CMakeFiles/STM32_Drivers.dir/__/__/Core/Src/system_stm32f1xx.c.obj
 .debug_macro   0x00000c00       0x8e cmake/stm32cubemx/CMakeFiles/STM32_Drivers.dir/__/__/Core/Src/system_stm32f1xx.c.obj
 .debug_macro   0x00000c8e       0x51 cmake/stm32cubemx/CMakeFiles/STM32_Drivers.dir/__/__/Core/Src/system_stm32f1xx.c.obj
 .debug_macro   0x00000cdf      0x103 cmake/stm32cubemx/CMakeFiles/STM32_Drivers.dir/__/__/Core/Src/system_stm32f1xx.c.obj
 .debug_macro   0x00000de2       0x6a cmake/stm32cubemx/CMakeFiles/STM32_Drivers.dir/__/__/Core/Src/system_stm32f1xx.c.obj
 .debug_macro   0x00000e4c      0x1df cmake/stm32cubemx/CMakeFiles/STM32_Drivers.dir/__/__/Core/Src/system_stm32f1xx.c.obj
 .debug_macro   0x0000102b       0x1c cmake/stm32cubemx/CMakeFiles/STM32_Drivers.dir/__/__/Core/Src/system_stm32f1xx.c.obj
 .debug_macro   0x00001047       0x22 cmake/stm32cubemx/CMakeFiles/STM32_Drivers.dir/__/__/Core/Src/system_stm32f1xx.c.obj
 .debug_macro   0x00001069       0xbd cmake/stm32cubemx/CMakeFiles/STM32_Drivers.dir/__/__/Core/Src/system_stm32f1xx.c.obj
 .debug_macro   0x00001126      0xd23 cmake/stm32cubemx/CMakeFiles/STM32_Drivers.dir/__/__/Core/Src/system_stm32f1xx.c.obj
 .debug_macro   0x00001e49     0xe09e cmake/stm32cubemx/CMakeFiles/STM32_Drivers.dir/__/__/Core/Src/system_stm32f1xx.c.obj
 .debug_macro   0x0000fee7       0x6d cmake/stm32cubemx/CMakeFiles/STM32_Drivers.dir/__/__/Core/Src/system_stm32f1xx.c.obj
 .debug_macro   0x0000ff54      0x107 CMakeFiles/nucleo_example.dir/Core/Src/main.c.obj
 .debug_macro   0x0001005b       0x5e CMakeFiles/nucleo_example.dir/Core/Src/main.c.obj
 .debug_macro   0x000100b9       0xd5 CMakeFiles/nucleo_example.dir/Core/Src/stm32f1xx_it.c.obj

.debug_line     0x00000000     0x1976
 .debug_line    0x00000000      0x651 cmake/stm32cubemx/CMakeFiles/STM32_Drivers.dir/__/__/Core/Src/system_stm32f1xx.c.obj
 .debug_line    0x00000651      0xa52 CMakeFiles/nucleo_example.dir/Core/Src/main.c.obj
 .debug_line    0x000010a3      0x6f2 CMakeFiles/nucleo_example.dir/Core/Src/stm32f1xx_it.c.obj
 .debug_line    0x00001795       0x78 CMakeFiles/nucleo_example.dir/startup_stm32f103xb.s.obj
 .debug_line    0x0000180d      0x169 C:/ST/STM32CubeIDE_2.2.0/STM32CubeIDE/plugins/com.st.stm32cube.ide.mcu.externaltools.gnu-tools-for-stm32.14.3.rel1.win32_1.0.100.202602081740/tools/bin/../lib/gcc/arm-none-eabi/14.3.1/../../../../arm-none-eabi/lib/thumb/v7-m/nofp\libg_nano.a(libc_a-init.o)

.debug_str      0x00000000    0x54fcb
 .debug_str     0x00000000    0x54fcb cmake/stm32cubemx/CMakeFiles/STM32_Drivers.dir/__/__/Core/Src/system_stm32f1xx.c.obj
                              0x5479c (size before relaxing)
 .debug_str     0x00054fcb    0x54e61 CMakeFiles/nucleo_example.dir/Core/Src/main.c.obj
 .debug_str     0x00054fcb    0x548ab CMakeFiles/nucleo_example.dir/Core/Src/stm32f1xx_it.c.obj
 .debug_str     0x00054fcb       0xc2 CMakeFiles/nucleo_example.dir/startup_stm32f103xb.s.obj
 .debug_str     0x00054fcb      0x26a C:/ST/STM32CubeIDE_2.2.0/STM32CubeIDE/plugins/com.st.stm32cube.ide.mcu.externaltools.gnu-tools-for-stm32.14.3.rel1.win32_1.0.100.202602081740/tools/bin/../lib/gcc/arm-none-eabi/14.3.1/../../../../arm-none-eabi/lib/thumb/v7-m/nofp\libg_nano.a(libc_a-init.o)

.debug_frame    0x00000000      0x3ec
 .debug_frame   0x00000000       0x50 cmake/stm32cubemx/CMakeFiles/STM32_Drivers.dir/__/__/Core/Src/system_stm32f1xx.c.obj
 .debug_frame   0x00000050      0x25c CMakeFiles/nucleo_example.dir/Core/Src/main.c.obj
 .debug_frame   0x000002ac      0x114 CMakeFiles/nucleo_example.dir/Core/Src/stm32f1xx_it.c.obj
 .debug_frame   0x000003c0       0x2c C:/ST/STM32CubeIDE_2.2.0/STM32CubeIDE/plugins/com.st.stm32cube.ide.mcu.externaltools.gnu-tools-for-stm32.14.3.rel1.win32_1.0.100.202602081740/tools/bin/../lib/gcc/arm-none-eabi/14.3.1/../../../../arm-none-eabi/lib/thumb/v7-m/nofp\libg_nano.a(libc_a-init.o)

.debug_line_str
                0x00000000       0xa6
 .debug_line_str
                0x00000000       0xa6 CMakeFiles/nucleo_example.dir/startup_stm32f103xb.s.obj

.debug_loclists
                0x00000000       0x44
 .debug_loclists
                0x00000000       0x44 C:/ST/STM32CubeIDE_2.2.0/STM32CubeIDE/plugins/com.st.stm32cube.ide.mcu.externaltools.gnu-tools-for-stm32.14.3.rel1.win32_1.0.100.202602081740/tools/bin/../lib/gcc/arm-none-eabi/14.3.1/../../../../arm-none-eabi/lib/thumb/v7-m/nofp\libg_nano.a(libc_a-init.o)
