C:/Users/jsp99/Work/MY_NUCLEO/v2/my_nucleo_example/nucleo_example/cmake/stm32cubemx/../../Drivers/CMSIS/Include/core_cm3.h:1511:22:__NVIC_EnableIRQ	16	static
C:/Users/jsp99/Work/MY_NUCLEO/v2/my_nucleo_example/nucleo_example/Core/Src/main.c:75:13:gpio_set_mode	40	static
C:/Users/jsp99/Work/MY_NUCLEO/v2/my_nucleo_example/nucleo_example/Core/Src/main.c:90:13:led_init	8	static
C:/Users/jsp99/Work/MY_NUCLEO/v2/my_nucleo_example/nucleo_example/Core/Src/main.c:97:13:led_on	4	static
C:/Users/jsp99/Work/MY_NUCLEO/v2/my_nucleo_example/nucleo_example/Core/Src/main.c:103:13:led_off	4	static
C:/Users/jsp99/Work/MY_NUCLEO/v2/my_nucleo_example/nucleo_example/Core/Src/main.c:119:13:uart1_init	8	static
C:/Users/jsp99/Work/MY_NUCLEO/v2/my_nucleo_example/nucleo_example/Core/Src/main.c:136:13:uart1_put_char	16	static
C:/Users/jsp99/Work/MY_NUCLEO/v2/my_nucleo_example/nucleo_example/Core/Src/main.c:144:13:uart1_put_str	16	static
C:/Users/jsp99/Work/MY_NUCLEO/v2/my_nucleo_example/nucleo_example/Core/Src/main.c:154:13:uart1_put_u32	32	static
C:/Users/jsp99/Work/MY_NUCLEO/v2/my_nucleo_example/nucleo_example/Core/Src/main.c:192:13:adc1_init	16	static
C:/Users/jsp99/Work/MY_NUCLEO/v2/my_nucleo_example/nucleo_example/Core/Src/main.c:229:17:adc1_read	16	static
C:/Users/jsp99/Work/MY_NUCLEO/v2/my_nucleo_example/nucleo_example/Core/Src/main.c:258:13:inputs_init	8	static
C:/Users/jsp99/Work/MY_NUCLEO/v2/my_nucleo_example/nucleo_example/Core/Src/main.c:281:17:joysw_pressed	4	static
C:/Users/jsp99/Work/MY_NUCLEO/v2/my_nucleo_example/nucleo_example/Core/Src/main.c:292:6:EXTI0_IRQHandler	16	static
C:/Users/jsp99/Work/MY_NUCLEO/v2/my_nucleo_example/nucleo_example/Core/Src/main.c:314:13:log_line	24	static
C:/Users/jsp99/Work/MY_NUCLEO/v2/my_nucleo_example/nucleo_example/Core/Src/main.c:336:13:report_tact_change	8	static
C:/Users/jsp99/Work/MY_NUCLEO/v2/my_nucleo_example/nucleo_example/Core/Src/main.c:361:13:delay_tick	24	static
C:/Users/jsp99/Work/MY_NUCLEO/v2/my_nucleo_example/nucleo_example/Core/Src/main.c:386:5:main	16	static
